java = java.lang 
moc = cpp
cpp = cpp
c = c
C = cpp
cc = cpp
coffee = coffeescript
coffeescript = coffeescript
cs = csharp
csharp = csharp
h = cpp
hh = cpp
H = cpp
hpp = cpp
javascript = javascript
js = javascript
prolog = prolog
pl = prolog
perl = perl
pm = perl
php3 = php
php4 = php
php5 = php
php = php
ctp = php
protobuf = proto
proto = proto
python = python
py = python
ruby = ruby
rb = ruby
flex = flex
lex = flex
l = flex
ll = flex
bison = bison
yacc = bison
y = bison
yy = bison
changelog = changelog
lua = lua
ml = caml
caml = caml
mli = caml
sml = sml
sig = sml
syslog = log
log = log
pas = pascal
pascal = pascal.lang 	
f = fortran
fortran = fortran
free-fortran = fortran
fixed-fortran = fixed-fortran
html = html
htm = html
tex = latex
latex = latex
cls = latex
sty = latex
dtx = latex
lgt = logtalk
logtalk = logtalk
diff = diff
patch = diff
lang = langdef
langdef = langdef
outlang = outlang
style = style
ps = postscript
eps = postscript
postscript = postscript
kcfg = xml
ui = xml
kdevelop = xml
rc = xml
docbook = xml
kidl = xml
xml = xml
xhtml = xml
bash = sh
sh = sh
csh = sh
ksh = sh
tcsh = sh
shell = sh
tcl = tcl
tk = tcl
sql = sql
bib = bib
makefile = makefile
am = makefile
in = makefile
css = css
m4 = m4
ac = m4
autoconf = m4
sl = slang
slsh = slang
slang = slang
properties = properties
desktop = desktop
ini = desktop
conf = conf
lsm = lsm
spec = spec
haxe = haxe
hx = haxe
ldap = ldap
ldif = ldap
glsl = glsl
xorg = xorg
scala = scala
ada = ada
adb = ada
pc = pc
pkgconfig = pc
oz = oz
texinfo = texinfo
texi = texinfo
hs = haskell
hs = haskell
lhs = haskell_literate
haskell = haskell
manifest = manifest
mf = manifest
asm = asm
s = asm
r = asm
applescript = applescript
scpt = applescript
vbscript = vbscript
vbs = vbscript
awk = awk
bat = bat
batch = bat
clipper = clipper
prg = clipper
cbl = cobol
cobol = cobol
dmd = d
d = d
errors = errors
erl = erlang
erlang = erlang
vala = vala
lisp = lisp
el = lisp
islisp = islisp
scm = scheme
scheme = scheme
po = po
pot = po
opa = opa
javalog = javalog
upc = upc
tml = tml
lilypond = lilypond
ly = lilypond